Projekt 3 - Jednoduchá shluková analýza

Zadání je ve fázi návrhu.

Popis projektu

Vytvorte program, který implementuje jednoduchou shlukovou analýzu, metodu nejvzdálenejšího souseda (angl. complete linkage).

Smyslem projektu není studium shlukových analýz. Pro projekt bude stacit následující popis (zdroj Wikipedia): Shluková analýza (též clusterová analýza, anglicky cluster analysis) je vícerozmerná statistická metoda, která se používá ke klasifikaci objektu. Slouží k trídení jednotek do skupin (shluku) tak, že jednotky náležící do stejné skupiny jsou si podobnejší než objekty z ostatních skupin.

Shlukovou analýzu provádejte na dvourozmerných objektech. Každý objekt je identifikován celým císlem. Objekty jsou uloženy v textovém souboru.

Pri implementaci mužete pro vizualizaci a porozumení objektu používat tuto jednoduchou aplikaci, která vykresluje a obarvuje shluky. Reference s popisem metody zde.

Detailní specifikace

Preklad a odevzdání zdrojového souboru

Odevzdání: Program implementujte ve zdrojovém souboru proj3.c. Zdrojový soubor odevzdejte prostrednictvím informacního systému.

Preklad: Program bude prekládán s následujícími argumenty

$ gcc -std=c99 -Wall -Wextra -Werror -DNDEBUG proj3.c -o proj3 -lm
Definice makra NDEBUG (argument -DNDEBUG) je z duvodu anulování efektu ladicích informací.
Propojení s matematickou knihovnou (argument -lm) je z duvodu výpoctu vzdálenosti objektu.
Syntax spuštení

Program se spouští v následující podobe:

./proj3 SOUBOR [N]
Argumenty programu:

SOUBOR je jméno souboru se vstupními daty.
N je volitelný argument definující cílový pocet shluku. N > 0. Výchocí hodnota (pri absenci argumentu) je 1.
Implementacní detaily

Formát vstupního souboru

Vstupní data jsou uložena v textovém souboru. První rádek souboru je vyhrazen pro pocet objektu v souboru a má formát:

count=N
kde císlo je pocet objektu v souboru. Následuje na každém rádku definice jednoho objektu. Pocet rádku souboru odpovídá minimálne poctu objektu + 1 (první rádek). Další rádky souboru ignorujte. Rádek definující objekt je formátu:
OBJID X Y
kde OBJID je v rámci souboru jednoznacný celocíselný identifikátor, X a Y jsou souradnice objektu také celá císla. Platí 0 <= X <= 1000, 0 <= Y <= 1000.
1. podúkol

Stáhnete si kostru programu proj3.c. Seznamte se s datovými typy a funkcemi. Vaším úkolem je pouze doplnit kód na místech oznacených komentárem TODO.

2. podúkol

Nacítání vstupního souboru a následný výpis:

1. Implementujte funkce:

void init_cluster(struct cluster_t *c, int cap);
void clear_cluster(struct cluster_t *c);
void append_cluster(struct cluster_t *c, struct obj_t obj);
int load_clusters(char *filename, struct cluster_t **arr);
Funkce init_cluster slouží pro inicializaci shluku (alokaci požadovaného místa).

Funkce clear_cluster slouží pro odstranení všech objektu ve shluku (dealokaci místa) a reinicializaci shluku s kapacitou 0.

Funkce append_cluster slouží pro pridání objektu na konec shluku.

Funkce load_clusters nacítá ze vstupního souboru všechny objekty a ukládá je každý do jednoho shluku. Shluky budou uloženy v poli. Místo pro pole shluku musí funkce alokovat.

2. Overte funkcionalitu na nactení vstupního souboru (pomocí vámi implementované funkce load_clusters) a následném výpisu (pomocí funkce print_clusters):

Vstupní soubor objekty

count=20
40 86 663
43 747 938
47 285 973
49 548 422
52 741 541
56 44 854
57 795 59
61 267 375
62 85 874
66 125 211
68 80 770
72 277 272
74 222 444
75 28 603
79 926 463
83 603 68
86 238 650
87 149 304
89 749 190
93 944 835
Nactení vstupního souboru a následné vypsání shluku:

$ ./proj3 objekty 20
Clusters:
cluster 0: 40[86,663]
cluster 1: 43[747,938]
cluster 2: 47[285,973]
cluster 3: 49[548,422]
cluster 4: 52[741,541]
cluster 5: 56[44,854]
cluster 6: 57[795,59]
cluster 7: 61[267,375]
cluster 8: 62[85,874]
cluster 9: 66[125,211]
cluster 10: 68[80,770]
cluster 11: 72[277,272]
cluster 12: 74[222,444]
cluster 13: 75[28,603]
cluster 14: 79[926,463]
cluster 15: 83[603,68]
cluster 16: 86[238,650]
cluster 17: 87[149,304]
cluster 18: 89[749,190]
cluster 19: 93[944,835]
3. podúkol

Implementujte všechny ostatní funkce v kostre souboru proj3.c oznacené komentárem TODO. Výsledný program odevzdejte.

Príklady vstupu a výstupu

$ cat objekty
count=20
40 86 663
43 747 938
47 285 973
49 548 422
52 741 541
56 44 854
57 795 59
61 267 375
62 85 874
66 125 211
68 80 770
72 277 272
74 222 444
75 28 603
79 926 463
83 603 68
86 238 650
87 149 304
89 749 190
93 944 835
$ ./proj3 objekty 8
Clusters:
cluster 0: 40[86,663] 75[28,603] 86[238,650]
cluster 1: 43[747,938] 93[944,835]
cluster 2: 47[285,973]
cluster 3: 49[548,422]
cluster 4: 52[741,541] 79[926,463]
cluster 5: 56[44,854] 62[85,874] 68[80,770]
cluster 6: 57[795,59] 83[603,68] 89[749,190]
cluster 7: 61[267,375] 66[125,211] 72[277,272] 74[222,444] 87[149,304]
$ valgrind ./proj3 objekty 19
==8142== Memcheck, a memory error detector
==8142== Copyright (C) 2002-2015, and GNU GPL'd, by Julian Seward et al.
==8142== Using Valgrind-3.12.0 and LibVEX; rerun with -h for copyright info
==8142== Command: ./proj3 objekty 19
Clusters:
cluster 0: 40[86,663]
cluster 1: 43[747,938]
cluster 2: 47[285,973]
cluster 3: 49[548,422]
cluster 4: 52[741,541]
cluster 5: 56[44,854] 62[85,874]
cluster 6: 57[795,59]
cluster 7: 61[267,375]
cluster 8: 66[125,211]
cluster 9: 68[80,770]
cluster 10: 72[277,272]
cluster 11: 74[222,444]
cluster 12: 75[28,603]
cluster 13: 79[926,463]
cluster 14: 83[603,68]
cluster 15: 86[238,650]
cluster 16: 87[149,304]
cluster 17: 89[749,190]
cluster 18: 93[944,835]
==8142== 
==8142== HEAP SUMMARY:
==8142==     in use at exit: 0 bytes in 0 blocks
==8142==   total heap usage: 25 allocs, 25 frees, 6,256 bytes allocated
==8142== 
==8142== All heap blocks were freed -- no leaks are possible
==8142== 
==8142== For counts of detected and suppressed errors, rerun with: -v
==8142== ERROR SUMMARY: 0 errors from 0 contexts (suppressed: 0 from 0)
Hodnocení

Na výsledném hodnocení mají hlavní vliv následující faktory:

presné dodržení implementacních detailu,
implementace jednotlivých funkcí,
správná práce s pametí,
správný algoritmus shlukování,
správné rešení neocekávaných stavu.